﻿
> frontend@0.0.0 build
> vite build

[36mvite v5.4.21 [32mbuilding for production...[36m[39m
transforming...
[32mΓ£ô[39m 36 modules transformed.
node.exe : [31mx[39m Build 
failed in 1.35s
At C:\Program 
Files\nodejs\npm.ps1:29 
char:3
+   & $NODE_EXE $NPM_CLI_JS 
$args
+   
~~~~~~~~~~~~~~~~~~~~~~~~~~~~~
    + CategoryInfo           
   : NotSpecified: ([31mx  
  [39m Build failed in 1.3   
 5s:String) [], RemoteExc    
eption
    + FullyQualifiedErrorId  
   : NativeCommandError
 
[31merror during build:
[31m[vite]: Rollup failed 
to resolve import 
"react-timekeeper" from "C:/U
sers/raksh/OneDrive/Desktop/U
NLOX/frontend/src/pages/Profi
le.jsx".
This is most likely 
unintended because it can 
break your application at 
runtime.
If you do want to 
externalize this module 
explicitly add it to
`build.rollupOptions.external
`[31m
    at viteWarn (file:///C:/U
sers/raksh/OneDrive/Desktop/U
NLOX/frontend/node_modules/vi
te/dist/node/chunks/dep-BK3b2
jBa.js:65855:17)
    at onwarn (file:///C:/Use
rs/raksh/OneDrive/Desktop/UNL
OX/frontend/node_modules/@vit
ejs/plugin-react/dist/index.j
s:90:7)
    at onRollupWarning (file:
///C:/Users/raksh/OneDrive/De
sktop/UNLOX/frontend/node_mod
ules/vite/dist/node/chunks/de
p-BK3b2jBa.js:65885:5)
    at onwarn (file:///C:/Use
rs/raksh/OneDrive/Desktop/UNL
OX/frontend/node_modules/vite
/dist/node/chunks/dep-BK3b2jB
a.js:65550:7)
    at file:///C:/Users/raksh
/OneDrive/Desktop/UNLOX/front
end/node_modules/rollup/dist/
es/shared/node-entry.js:20995
:13
    at Object.logger [as 
onLog] (file:///C:/Users/raks
h/OneDrive/Desktop/UNLOX/fron
tend/node_modules/rollup/dist
/es/shared/node-entry.js:2296
8:9)
    at ModuleLoader.handleInv
alidResolvedId (file:///C:/Us
ers/raksh/OneDrive/Desktop/UN
LOX/frontend/node_modules/rol
lup/dist/es/shared/node-entry
.js:21712:26)
    at file:///C:/Users/raksh
/OneDrive/Desktop/UNLOX/front
end/node_modules/rollup/dist/
es/shared/node-entry.js:21670
:26[39m
